// Jest Snapshot v1, https://goo.gl/fbAQLP

exports[`SignUp Component Should match snapshot 1`] = `ShallowWrapper {}`;
