// Jest Snapshot v1, https://goo.gl/fbAQLP

exports[`ThemeContainer matches snapshot 1`] = `ShallowWrapper {}`;
